[1/3] Cargando frames EURUSD ('H4', 'M15', 'D1') + market_structure ...
      H4: 10136 velas
      M15: 50000 velas
      D1: 1693 velas
      features en 67.1s
[2/3] Secuencia EVENT-DRIVEN (sweep->displace->BOS->retorno cuadro) ...
      fases: {'SWEEP': 1346, 'DISPLACE': 194, 'BOS': 178, 'ENTRY': 57}
      57 senales en 759.8s
[3/3] Simulando trades vela a vela (max_hold=96) ...
      [--------------------] 3% (2/57)
      [#-------------------] 7% (4/57)
      [##------------------] 10% (6/57)
      [##------------------] 14% (8/57)
      [###-----------------] 17% (10/57)
      [####----------------] 21% (12/57)
      [####----------------] 24% (14/57)
      [#####---------------] 28% (16/57)
      [######--------------] 31% (18/57)
      [#######-------------] 35% (20/57)
      [#######-------------] 38% (22/57)
      [########------------] 42% (24/57)
      [#########-----------] 45% (26/57)
      [#########-----------] 49% (28/57)
      [##########----------] 52% (30/57)
      [###########---------] 56% (32/57)
      [###########---------] 59% (34/57)
      [############--------] 63% (36/57)
      [#############-------] 66% (38/57)
      [##############------] 70% (40/57)
      [##############------] 73% (42/57)
      [###############-----] 77% (44/57)
      [################----] 80% (46/57)
      [################----] 84% (48/57)
      [#################---] 87% (50/57)
      [##################--] 91% (52/57)
      [##################--] 94% (54/57)
      [###################-] 98% (56/57)
      [####################] 100% (57/57)

===== RESULTADO [SEQ-AT-liquidity-disp] =====
  simbolo      : EURUSD  |  Capa2 sequence  |  H4->M15
  trades       : 57
  winrate      : 45.6%
  profit factor: 1.548
  expectancy   : 0.298 R/trade
  total        : 17.0 R
  max drawdown : -6.0 R
  salidas      : {'TP': 22, 'SL': 35}
EXIT_CAPA2=0
